C51 COMPILER V9.59.0.0   PROJECT                                                           12/27/2022 11:07:58 PAGE 1   


C51 COMPILER V9.59.0.0, COMPILATION OF MODULE PROJECT
OBJECT MODULE PLACED IN .\Objects\Project.obj
COMPILER INVOKED BY: C:\Keil_v5\C51\BIN\C51.EXE Project.c OPTIMIZE(8,SPEED) BROWSE DEBUG OBJECTEXTEND PRINT(.\Listings\P
                    -roject.lst) TABS(2) OBJECT(.\Objects\Project.obj)

line level    source

   1          /*
   2          Autors:       Marcel Monereo, Javier Bustos, 
   3                        Alexander Jadnov, Tomàs Caminal
   4          Data:         24/12/2022
   5          Assignatura:  IIEIA
   6          */
   7          
   8          #include <reg51.h>
   9          sbit AdcWr = P3^0;
  10          sbit AdcIntr = P3^2;
  11          
  12          #define VRef 5
  13          
  14          
  15          #define LightI P0
  16          #define LEDs P2
  17          //Variables declaration
  18          bit Digit = 0x20^0;
  19          unsigned char Tens;
  20          unsigned char Ones;
  21          unsigned char Count2;
  22          
  23          float PercentualLightI;
  24          
  25          unsigned char FlagT1;
  26          unsigned char FlagEOC;
  27          
  28          //Functions declaration
  29          void initialize(void);
  30          void dynVisualize(void);
  31          float CalcLightI(unsigned char AnalogData);
  32          void CalcDigits(float LightInput);
  33          void RSI_T0(void);
  34          void RSI_T1(void);
  35          void RSI_INT0(void);
  36          
  37          void main(void)
  38          {
  39   1        initialize();
  40   1        while(1)
  41   1        {
  42   2          if (FlagT1==1)
  43   2          {
  44   3            AdcWr = 0;
  45   3            AdcWr = 1;    //Order of initializaing the conversion
  46   3            FlagT1 = 0;
  47   3            while(FlagEOC==0);
  48   3            PercentualLightI = CalcLightI(LightI);
  49   3            CalcDigits(PercentualLightI);
  50   3            FlagEOC = 0;
  51   3          }
  52   2        }
  53   1        
  54   1      }
C51 COMPILER V9.59.0.0   PROJECT                                                           12/27/2022 11:07:58 PAGE 2   

  55          
  56          void initialize(void)
  57          {
  58   1        LEDs = 0x00;  //Turn off the leds
  59   1        AdcIntr = 1;
  60   1        //Configure the timer T0 & T1
  61   1        TMOD = 0x11;  //Mode 1 selected
  62   1        TH0 = 0xFA;   //FFFF-1388=FA93 5ms 0xFA
  63   1        TL0 = 0x93;   //                   0x93
  64   1        TH1 = 0x3C;   //FFFF-C350=3CAF 5ms 0x3C
  65   1        TL1 = 0xAF;   //                   0xAF
  66   1        IE = 0x8F;    // Enable interruption  T0, T1, INT0, INT1
  67   1        IP = 0x05;    // Priority is given to external interruptions
  68   1        //External interruptions triggered by descendent flank
  69   1        IT0 = 1;
  70   1        IT1 = 1;
  71   1        //Start Counters
  72   1        TR0 = 1;
  73   1        TR1 = 1;
  74   1      }
  75          
  76          float CalcLightI(unsigned char AnalogData)
  77          {
  78   1        float PercentualI;
  79   1        LightI = (AnalogData/255)*100;
  80   1        return PercentualI;
  81   1      }
  82          
  83          void CalcDigits(float LightInput)
  84          {
  85   1        if (LightInput < 100 && LightInput >= 10)
  86   1        {
  87   2          Tens = LightInput/10;
  88   2          Ones = (LightInput-Tens*10);
  89   2        }
  90   1        else if (LightInput < 10 && LightInput > 0)
  91   1        {
  92   2          Tens = 0;
  93   2          Ones = LightInput;
  94   2        }
  95   1        else if (LightInput >= 100)
  96   1        {
  97   2          Tens = 9;
  98   2          Ones = 9;
  99   2        }
 100   1        else if (LightInput <= 0)
 101   1        {
 102   2          Tens = 0;
 103   2          Ones = 0;
 104   2        }
 105   1      }
 106          
 107          void dynVisualize(void)
 108          {
 109   1        //Each 5ms the displayed digit changes
 110   1        //When Digit = 0 the display on P1.6 works
 111   1        //When Digit = 1 the display on P1.7 works
 112   1        LEDs = (0x1 << (~Digit*5|Digit*6))|(~Digit*Tens|Digit*Ones);
 113   1      }
 114          
 115          void RSI_T0 (void) interrupt 1
 116          {
C51 COMPILER V9.59.0.0   PROJECT                                                           12/27/2022 11:07:58 PAGE 3   

 117   1        TH0 = 0xFA;
 118   1        TL0 = 0x93;
 119   1        dynVisualize();
 120   1        Digit = ~Digit;
 121   1      }
 122          
 123          void RSI_T1 (void) interrupt 3
 124          {
 125   1        TH1 = 0x3C; //FFFF-C350=3CAF 50ms 0x3C 
 126   1        TL1 = 0xAF; //0xAF
 127   1        Count2++;
 128   1        if (Count2==2) //50ms*2=100ms
 129   1        {
 130   2          Count2 = 0;
 131   2          FlagT1 = 1;
 132   2        }
 133   1      }
 134          
 135          void RSI_INT0 (void) interrupt 0
 136          {
 137   1        FlagEOC = 1;
 138   1      }


MODULE INFORMATION:   STATIC OVERLAYABLE
   CODE SIZE        =    434    ----
   CONSTANT SIZE    =   ----    ----
   XDATA SIZE       =   ----    ----
   PDATA SIZE       =   ----    ----
   DATA SIZE        =      9       8
   IDATA SIZE       =   ----    ----
   BIT SIZE         =      1    ----
END OF MODULE INFORMATION.


C51 COMPILATION COMPLETE.  0 WARNING(S),  0 ERROR(S)
